##############################################################################################################
[INFO]       Logger:   Verbosity set to: 3 - [OUT FILES]                                           (00:00:07)
[WARNING]    JOB:      /data/user/krde/CABSflex_snakemake/cabs_production/cabsflex/example_run/2XW 
                       R_A_91-289_WT/xray/no_restraints already exists. Output data will be        
                       overwritten.                                                                (00:00:07)
[INFO]       Protein:  Loading input.pdb as input protein                                          (00:00:07)
[WARNING]    PDB:      Unknown residue ZN at 300:A in input.pdb                                    (00:00:07)
[OUT FILES]  Logger:   Saving DSSP output to /data/user/krde/CABSflex_snakemake/cabs_production/ca 
                       bsflex/example_run/2XWR_A_91-289_WT/xray/no_restraints/output_data/DSSP_out 
                       put_input.txt                                                               (00:00:07)
[WARNING]    Protein:  Could not read weights file: gauss                                          (00:00:07)
[WARNING]    Protein:  Using default weights(1.0) for all atoms.                                   (00:00:07)
[INFO]       CABS:     Setting up CABS simulation.                                                 (00:00:07)
[WARNING]    CABS:     Note: The following floating-point exceptions are signalling: IEEE_DENORMAL 
                       Note: The following floating-point exceptions are signalling: IEEE_DENORMAL (00:16:18)
[INFO]       JOB:      Trajectories loaded successfully                                            (00:16:19)
[INFO]       JOB:      Input loaded as reference.                                                  (00:16:19)
[OUT FILES]  JOB:      Saving pdb files to /data/user/krde/CABSflex_snakemake/cabs_production/cabs 
                       flex/example_run/2XWR_A_91-289_WT/xray/no_restraints/output_pdbs            (00:16:31)
[WARNING]    JOB:      Possibly overwriting previous pdb files. Use --work-dir <DIR> to avoid      
                       that.                                                                       (00:16:31)
[OUT FILES]  JOB:      Saving replicas...                                                          (00:16:31)
[OUT FILES]  JOB:      Saving clusters...                                                          (00:16:44)
[OUT FILES]  JOB:      Saving starting structure...                                                (00:16:52)
[OUT FILES]  JOB:      Saving final models (in AA representation)                                  (00:16:52)
[INFO]       JOB:      RMSD successfully saved                                                     (00:34:02)
[INFO]       JOB:      Simulation completed successfully                                           (00:34:05)
