Building DAG of jobs...
Relative file path './2XWR_A_91-289_H168R/xray/no_restraints/theseus/theseus_sup.pdb' starts with './'. This is redundant and strongly discouraged. It can also lead to inconsistent results of the file-matching approach used by Snakemake. You can simply omit the './' for relative file paths.
Relative file path './2XWR_A_91-289_WT/xray/no_restraints/theseus/theseus_sup.pdb' starts with './'. This is redundant and strongly discouraged. It can also lead to inconsistent results of the file-matching approach used by Snakemake. You can simply omit the './' for relative file paths.
Relative file path './2XWR_A_91-289_H168R/xray/no_restraints/output_pdbs/model_0.pdb' starts with './'. This is redundant and strongly discouraged. It can also lead to inconsistent results of the file-matching approach used by Snakemake. You can simply omit the './' for relative file paths.
Relative file path './2XWR_A_91-289_H168R/xray/no_restraints/output_pdbs/model_1.pdb' starts with './'. This is redundant and strongly discouraged. It can also lead to inconsistent results of the file-matching approach used by Snakemake. You can simply omit the './' for relative file paths.
Relative file path './2XWR_A_91-289_H168R/xray/no_restraints/output_pdbs/model_2.pdb' starts with './'. This is redundant and strongly discouraged. It can also lead to inconsistent results of the file-matching approach used by Snakemake. You can simply omit the './' for relative file paths.
Relative file path './2XWR_A_91-289_H168R/xray/no_restraints/output_pdbs/model_3.pdb' starts with './'. This is redundant and strongly discouraged. It can also lead to inconsistent results of the file-matching approach used by Snakemake. You can simply omit the './' for relative file paths.
Relative file path './2XWR_A_91-289_H168R/xray/no_restraints/output_pdbs/model_4.pdb' starts with './'. This is redundant and strongly discouraged. It can also lead to inconsistent results of the file-matching approach used by Snakemake. You can simply omit the './' for relative file paths.
Relative file path './2XWR_A_91-289_H168R/xray/no_restraints/output_pdbs/model_5.pdb' starts with './'. This is redundant and strongly discouraged. It can also lead to inconsistent results of the file-matching approach used by Snakemake. You can simply omit the './' for relative file paths.
Relative file path './2XWR_A_91-289_H168R/xray/no_restraints/output_pdbs/model_6.pdb' starts with './'. This is redundant and strongly discouraged. It can also lead to inconsistent results of the file-matching approach used by Snakemake. You can simply omit the './' for relative file paths.
Relative file path './2XWR_A_91-289_H168R/xray/no_restraints/output_pdbs/model_7.pdb' starts with './'. This is redundant and strongly discouraged. It can also lead to inconsistent results of the file-matching approach used by Snakemake. You can simply omit the './' for relative file paths.
Relative file path './2XWR_A_91-289_H168R/xray/no_restraints/output_pdbs/model_8.pdb' starts with './'. This is redundant and strongly discouraged. It can also lead to inconsistent results of the file-matching approach used by Snakemake. You can simply omit the './' for relative file paths.
Relative file path './2XWR_A_91-289_H168R/xray/no_restraints/output_pdbs/model_9.pdb' starts with './'. This is redundant and strongly discouraged. It can also lead to inconsistent results of the file-matching approach used by Snakemake. You can simply omit the './' for relative file paths.
Relative file path './2XWR_A_91-289_H168R/xray/no_restraints/output_pdbs/model_10.pdb' starts with './'. This is redundant and strongly discouraged. It can also lead to inconsistent results of the file-matching approach used by Snakemake. You can simply omit the './' for relative file paths.
Relative file path './2XWR_A_91-289_H168R/xray/no_restraints/output_pdbs/model_11.pdb' starts with './'. This is redundant and strongly discouraged. It can also lead to inconsistent results of the file-matching approach used by Snakemake. You can simply omit the './' for relative file paths.
Relative file path './2XWR_A_91-289_H168R/xray/no_restraints/output_pdbs/model_12.pdb' starts with './'. This is redundant and strongly discouraged. It can also lead to inconsistent results of the file-matching approach used by Snakemake. You can simply omit the './' for relative file paths.
Relative file path './2XWR_A_91-289_H168R/xray/no_restraints/output_pdbs/model_13.pdb' starts with './'. This is redundant and strongly discouraged. It can also lead to inconsistent results of the file-matching approach used by Snakemake. You can simply omit the './' for relative file paths.
Relative file path './2XWR_A_91-289_H168R/xray/no_restraints/output_pdbs/model_14.pdb' starts with './'. This is redundant and strongly discouraged. It can also lead to inconsistent results of the file-matching approach used by Snakemake. You can simply omit the './' for relative file paths.
Relative file path './2XWR_A_91-289_H168R/xray/no_restraints/output_pdbs/model_15.pdb' starts with './'. This is redundant and strongly discouraged. It can also lead to inconsistent results of the file-matching approach used by Snakemake. You can simply omit the './' for relative file paths.
Relative file path './2XWR_A_91-289_H168R/xray/no_restraints/output_pdbs/model_16.pdb' starts with './'. This is redundant and strongly discouraged. It can also lead to inconsistent results of the file-matching approach used by Snakemake. You can simply omit the './' for relative file paths.
Relative file path './2XWR_A_91-289_H168R/xray/no_restraints/output_pdbs/model_17.pdb' starts with './'. This is redundant and strongly discouraged. It can also lead to inconsistent results of the file-matching approach used by Snakemake. You can simply omit the './' for relative file paths.
Relative file path './2XWR_A_91-289_H168R/xray/no_restraints/output_pdbs/model_18.pdb' starts with './'. This is redundant and strongly discouraged. It can also lead to inconsistent results of the file-matching approach used by Snakemake. You can simply omit the './' for relative file paths.
Relative file path './2XWR_A_91-289_H168R/xray/no_restraints/output_pdbs/model_19.pdb' starts with './'. This is redundant and strongly discouraged. It can also lead to inconsistent results of the file-matching approach used by Snakemake. You can simply omit the './' for relative file paths.
Relative file path './2XWR_A_91-289_H168R/xray/no_restraints/theseus/theseus_sup.pdb' starts with './'. This is redundant and strongly discouraged. It can also lead to inconsistent results of the file-matching approach used by Snakemake. You can simply omit the './' for relative file paths.
Relative file path './input_structures/2XWR_A_HIS168ARG.pdb' starts with './'. This is redundant and strongly discouraged. It can also lead to inconsistent results of the file-matching approach used by Snakemake. You can simply omit the './' for relative file paths.
Relative file path './2XWR_A_91-289_H168R/xray/no_restraints/output_pdbs/model_0.pdb' starts with './'. This is redundant and strongly discouraged. It can also lead to inconsistent results of the file-matching approach used by Snakemake. You can simply omit the './' for relative file paths.
Relative file path './2XWR_A_91-289_H168R/xray/no_restraints/output_pdbs/model_1.pdb' starts with './'. This is redundant and strongly discouraged. It can also lead to inconsistent results of the file-matching approach used by Snakemake. You can simply omit the './' for relative file paths.
Relative file path './2XWR_A_91-289_H168R/xray/no_restraints/output_pdbs/model_2.pdb' starts with './'. This is redundant and strongly discouraged. It can also lead to inconsistent results of the file-matching approach used by Snakemake. You can simply omit the './' for relative file paths.
Relative file path './2XWR_A_91-289_H168R/xray/no_restraints/output_pdbs/model_3.pdb' starts with './'. This is redundant and strongly discouraged. It can also lead to inconsistent results of the file-matching approach used by Snakemake. You can simply omit the './' for relative file paths.
Relative file path './2XWR_A_91-289_H168R/xray/no_restraints/output_pdbs/model_4.pdb' starts with './'. This is redundant and strongly discouraged. It can also lead to inconsistent results of the file-matching approach used by Snakemake. You can simply omit the './' for relative file paths.
Relative file path './2XWR_A_91-289_H168R/xray/no_restraints/output_pdbs/model_5.pdb' starts with './'. This is redundant and strongly discouraged. It can also lead to inconsistent results of the file-matching approach used by Snakemake. You can simply omit the './' for relative file paths.
Relative file path './2XWR_A_91-289_H168R/xray/no_restraints/output_pdbs/model_6.pdb' starts with './'. This is redundant and strongly discouraged. It can also lead to inconsistent results of the file-matching approach used by Snakemake. You can simply omit the './' for relative file paths.
Relative file path './2XWR_A_91-289_H168R/xray/no_restraints/output_pdbs/model_7.pdb' starts with './'. This is redundant and strongly discouraged. It can also lead to inconsistent results of the file-matching approach used by Snakemake. You can simply omit the './' for relative file paths.
Relative file path './2XWR_A_91-289_H168R/xray/no_restraints/output_pdbs/model_8.pdb' starts with './'. This is redundant and strongly discouraged. It can also lead to inconsistent results of the file-matching approach used by Snakemake. You can simply omit the './' for relative file paths.
Relative file path './2XWR_A_91-289_H168R/xray/no_restraints/output_pdbs/model_9.pdb' starts with './'. This is redundant and strongly discouraged. It can also lead to inconsistent results of the file-matching approach used by Snakemake. You can simply omit the './' for relative file paths.
Relative file path './2XWR_A_91-289_H168R/xray/no_restraints/output_pdbs/model_10.pdb' starts with './'. This is redundant and strongly discouraged. It can also lead to inconsistent results of the file-matching approach used by Snakemake. You can simply omit the './' for relative file paths.
Relative file path './2XWR_A_91-289_H168R/xray/no_restraints/output_pdbs/model_11.pdb' starts with './'. This is redundant and strongly discouraged. It can also lead to inconsistent results of the file-matching approach used by Snakemake. You can simply omit the './' for relative file paths.
Relative file path './2XWR_A_91-289_H168R/xray/no_restraints/output_pdbs/model_12.pdb' starts with './'. This is redundant and strongly discouraged. It can also lead to inconsistent results of the file-matching approach used by Snakemake. You can simply omit the './' for relative file paths.
Relative file path './2XWR_A_91-289_H168R/xray/no_restraints/output_pdbs/model_13.pdb' starts with './'. This is redundant and strongly discouraged. It can also lead to inconsistent results of the file-matching approach used by Snakemake. You can simply omit the './' for relative file paths.
Relative file path './2XWR_A_91-289_H168R/xray/no_restraints/output_pdbs/model_14.pdb' starts with './'. This is redundant and strongly discouraged. It can also lead to inconsistent results of the file-matching approach used by Snakemake. You can simply omit the './' for relative file paths.
Relative file path './2XWR_A_91-289_H168R/xray/no_restraints/output_pdbs/model_15.pdb' starts with './'. This is redundant and strongly discouraged. It can also lead to inconsistent results of the file-matching approach used by Snakemake. You can simply omit the './' for relative file paths.
Relative file path './2XWR_A_91-289_H168R/xray/no_restraints/output_pdbs/model_16.pdb' starts with './'. This is redundant and strongly discouraged. It can also lead to inconsistent results of the file-matching approach used by Snakemake. You can simply omit the './' for relative file paths.
Relative file path './2XWR_A_91-289_H168R/xray/no_restraints/output_pdbs/model_17.pdb' starts with './'. This is redundant and strongly discouraged. It can also lead to inconsistent results of the file-matching approach used by Snakemake. You can simply omit the './' for relative file paths.
Relative file path './2XWR_A_91-289_H168R/xray/no_restraints/output_pdbs/model_18.pdb' starts with './'. This is redundant and strongly discouraged. It can also lead to inconsistent results of the file-matching approach used by Snakemake. You can simply omit the './' for relative file paths.
Relative file path './2XWR_A_91-289_H168R/xray/no_restraints/output_pdbs/model_19.pdb' starts with './'. This is redundant and strongly discouraged. It can also lead to inconsistent results of the file-matching approach used by Snakemake. You can simply omit the './' for relative file paths.
Relative file path './2XWR_A_91-289_WT/xray/no_restraints/output_pdbs/model_0.pdb' starts with './'. This is redundant and strongly discouraged. It can also lead to inconsistent results of the file-matching approach used by Snakemake. You can simply omit the './' for relative file paths.
Relative file path './2XWR_A_91-289_WT/xray/no_restraints/output_pdbs/model_1.pdb' starts with './'. This is redundant and strongly discouraged. It can also lead to inconsistent results of the file-matching approach used by Snakemake. You can simply omit the './' for relative file paths.
Relative file path './2XWR_A_91-289_WT/xray/no_restraints/output_pdbs/model_2.pdb' starts with './'. This is redundant and strongly discouraged. It can also lead to inconsistent results of the file-matching approach used by Snakemake. You can simply omit the './' for relative file paths.
Relative file path './2XWR_A_91-289_WT/xray/no_restraints/output_pdbs/model_3.pdb' starts with './'. This is redundant and strongly discouraged. It can also lead to inconsistent results of the file-matching approach used by Snakemake. You can simply omit the './' for relative file paths.
Relative file path './2XWR_A_91-289_WT/xray/no_restraints/output_pdbs/model_4.pdb' starts with './'. This is redundant and strongly discouraged. It can also lead to inconsistent results of the file-matching approach used by Snakemake. You can simply omit the './' for relative file paths.
Relative file path './2XWR_A_91-289_WT/xray/no_restraints/output_pdbs/model_5.pdb' starts with './'. This is redundant and strongly discouraged. It can also lead to inconsistent results of the file-matching approach used by Snakemake. You can simply omit the './' for relative file paths.
Relative file path './2XWR_A_91-289_WT/xray/no_restraints/output_pdbs/model_6.pdb' starts with './'. This is redundant and strongly discouraged. It can also lead to inconsistent results of the file-matching approach used by Snakemake. You can simply omit the './' for relative file paths.
Relative file path './2XWR_A_91-289_WT/xray/no_restraints/output_pdbs/model_7.pdb' starts with './'. This is redundant and strongly discouraged. It can also lead to inconsistent results of the file-matching approach used by Snakemake. You can simply omit the './' for relative file paths.
Relative file path './2XWR_A_91-289_WT/xray/no_restraints/output_pdbs/model_8.pdb' starts with './'. This is redundant and strongly discouraged. It can also lead to inconsistent results of the file-matching approach used by Snakemake. You can simply omit the './' for relative file paths.
Relative file path './2XWR_A_91-289_WT/xray/no_restraints/output_pdbs/model_9.pdb' starts with './'. This is redundant and strongly discouraged. It can also lead to inconsistent results of the file-matching approach used by Snakemake. You can simply omit the './' for relative file paths.
Relative file path './2XWR_A_91-289_WT/xray/no_restraints/output_pdbs/model_10.pdb' starts with './'. This is redundant and strongly discouraged. It can also lead to inconsistent results of the file-matching approach used by Snakemake. You can simply omit the './' for relative file paths.
Relative file path './2XWR_A_91-289_WT/xray/no_restraints/output_pdbs/model_11.pdb' starts with './'. This is redundant and strongly discouraged. It can also lead to inconsistent results of the file-matching approach used by Snakemake. You can simply omit the './' for relative file paths.
Relative file path './2XWR_A_91-289_WT/xray/no_restraints/output_pdbs/model_12.pdb' starts with './'. This is redundant and strongly discouraged. It can also lead to inconsistent results of the file-matching approach used by Snakemake. You can simply omit the './' for relative file paths.
Relative file path './2XWR_A_91-289_WT/xray/no_restraints/output_pdbs/model_13.pdb' starts with './'. This is redundant and strongly discouraged. It can also lead to inconsistent results of the file-matching approach used by Snakemake. You can simply omit the './' for relative file paths.
Relative file path './2XWR_A_91-289_WT/xray/no_restraints/output_pdbs/model_14.pdb' starts with './'. This is redundant and strongly discouraged. It can also lead to inconsistent results of the file-matching approach used by Snakemake. You can simply omit the './' for relative file paths.
Relative file path './2XWR_A_91-289_WT/xray/no_restraints/output_pdbs/model_15.pdb' starts with './'. This is redundant and strongly discouraged. It can also lead to inconsistent results of the file-matching approach used by Snakemake. You can simply omit the './' for relative file paths.
Relative file path './2XWR_A_91-289_WT/xray/no_restraints/output_pdbs/model_16.pdb' starts with './'. This is redundant and strongly discouraged. It can also lead to inconsistent results of the file-matching approach used by Snakemake. You can simply omit the './' for relative file paths.
Relative file path './2XWR_A_91-289_WT/xray/no_restraints/output_pdbs/model_17.pdb' starts with './'. This is redundant and strongly discouraged. It can also lead to inconsistent results of the file-matching approach used by Snakemake. You can simply omit the './' for relative file paths.
Relative file path './2XWR_A_91-289_WT/xray/no_restraints/output_pdbs/model_18.pdb' starts with './'. This is redundant and strongly discouraged. It can also lead to inconsistent results of the file-matching approach used by Snakemake. You can simply omit the './' for relative file paths.
Relative file path './2XWR_A_91-289_WT/xray/no_restraints/output_pdbs/model_19.pdb' starts with './'. This is redundant and strongly discouraged. It can also lead to inconsistent results of the file-matching approach used by Snakemake. You can simply omit the './' for relative file paths.
Relative file path './2XWR_A_91-289_WT/xray/no_restraints/theseus/theseus_sup.pdb' starts with './'. This is redundant and strongly discouraged. It can also lead to inconsistent results of the file-matching approach used by Snakemake. You can simply omit the './' for relative file paths.
Relative file path './input_structures/2XWR_A_WT.pdb' starts with './'. This is redundant and strongly discouraged. It can also lead to inconsistent results of the file-matching approach used by Snakemake. You can simply omit the './' for relative file paths.
Relative file path './2XWR_A_91-289_WT/xray/no_restraints/output_pdbs/model_0.pdb' starts with './'. This is redundant and strongly discouraged. It can also lead to inconsistent results of the file-matching approach used by Snakemake. You can simply omit the './' for relative file paths.
Relative file path './2XWR_A_91-289_WT/xray/no_restraints/output_pdbs/model_1.pdb' starts with './'. This is redundant and strongly discouraged. It can also lead to inconsistent results of the file-matching approach used by Snakemake. You can simply omit the './' for relative file paths.
Relative file path './2XWR_A_91-289_WT/xray/no_restraints/output_pdbs/model_2.pdb' starts with './'. This is redundant and strongly discouraged. It can also lead to inconsistent results of the file-matching approach used by Snakemake. You can simply omit the './' for relative file paths.
Relative file path './2XWR_A_91-289_WT/xray/no_restraints/output_pdbs/model_3.pdb' starts with './'. This is redundant and strongly discouraged. It can also lead to inconsistent results of the file-matching approach used by Snakemake. You can simply omit the './' for relative file paths.
Relative file path './2XWR_A_91-289_WT/xray/no_restraints/output_pdbs/model_4.pdb' starts with './'. This is redundant and strongly discouraged. It can also lead to inconsistent results of the file-matching approach used by Snakemake. You can simply omit the './' for relative file paths.
Relative file path './2XWR_A_91-289_WT/xray/no_restraints/output_pdbs/model_5.pdb' starts with './'. This is redundant and strongly discouraged. It can also lead to inconsistent results of the file-matching approach used by Snakemake. You can simply omit the './' for relative file paths.
Relative file path './2XWR_A_91-289_WT/xray/no_restraints/output_pdbs/model_6.pdb' starts with './'. This is redundant and strongly discouraged. It can also lead to inconsistent results of the file-matching approach used by Snakemake. You can simply omit the './' for relative file paths.
Relative file path './2XWR_A_91-289_WT/xray/no_restraints/output_pdbs/model_7.pdb' starts with './'. This is redundant and strongly discouraged. It can also lead to inconsistent results of the file-matching approach used by Snakemake. You can simply omit the './' for relative file paths.
Relative file path './2XWR_A_91-289_WT/xray/no_restraints/output_pdbs/model_8.pdb' starts with './'. This is redundant and strongly discouraged. It can also lead to inconsistent results of the file-matching approach used by Snakemake. You can simply omit the './' for relative file paths.
Relative file path './2XWR_A_91-289_WT/xray/no_restraints/output_pdbs/model_9.pdb' starts with './'. This is redundant and strongly discouraged. It can also lead to inconsistent results of the file-matching approach used by Snakemake. You can simply omit the './' for relative file paths.
Relative file path './2XWR_A_91-289_WT/xray/no_restraints/output_pdbs/model_10.pdb' starts with './'. This is redundant and strongly discouraged. It can also lead to inconsistent results of the file-matching approach used by Snakemake. You can simply omit the './' for relative file paths.
Relative file path './2XWR_A_91-289_WT/xray/no_restraints/output_pdbs/model_11.pdb' starts with './'. This is redundant and strongly discouraged. It can also lead to inconsistent results of the file-matching approach used by Snakemake. You can simply omit the './' for relative file paths.
Relative file path './2XWR_A_91-289_WT/xray/no_restraints/output_pdbs/model_12.pdb' starts with './'. This is redundant and strongly discouraged. It can also lead to inconsistent results of the file-matching approach used by Snakemake. You can simply omit the './' for relative file paths.
Relative file path './2XWR_A_91-289_WT/xray/no_restraints/output_pdbs/model_13.pdb' starts with './'. This is redundant and strongly discouraged. It can also lead to inconsistent results of the file-matching approach used by Snakemake. You can simply omit the './' for relative file paths.
Relative file path './2XWR_A_91-289_WT/xray/no_restraints/output_pdbs/model_14.pdb' starts with './'. This is redundant and strongly discouraged. It can also lead to inconsistent results of the file-matching approach used by Snakemake. You can simply omit the './' for relative file paths.
Relative file path './2XWR_A_91-289_WT/xray/no_restraints/output_pdbs/model_15.pdb' starts with './'. This is redundant and strongly discouraged. It can also lead to inconsistent results of the file-matching approach used by Snakemake. You can simply omit the './' for relative file paths.
Relative file path './2XWR_A_91-289_WT/xray/no_restraints/output_pdbs/model_16.pdb' starts with './'. This is redundant and strongly discouraged. It can also lead to inconsistent results of the file-matching approach used by Snakemake. You can simply omit the './' for relative file paths.
Relative file path './2XWR_A_91-289_WT/xray/no_restraints/output_pdbs/model_17.pdb' starts with './'. This is redundant and strongly discouraged. It can also lead to inconsistent results of the file-matching approach used by Snakemake. You can simply omit the './' for relative file paths.
Relative file path './2XWR_A_91-289_WT/xray/no_restraints/output_pdbs/model_18.pdb' starts with './'. This is redundant and strongly discouraged. It can also lead to inconsistent results of the file-matching approach used by Snakemake. You can simply omit the './' for relative file paths.
Relative file path './2XWR_A_91-289_WT/xray/no_restraints/output_pdbs/model_19.pdb' starts with './'. This is redundant and strongly discouraged. It can also lead to inconsistent results of the file-matching approach used by Snakemake. You can simply omit the './' for relative file paths.
Using shell: /bin/bash
Provided cores: 1 (use --cores to define parallelism)
Rules claiming more threads will be scaled down.
Job stats:
job                 count    min threads    max threads
----------------  -------  -------------  -------------
all                     1              1              1
make_ensemble           1              1              1
make_ensemble_wt        1              1              1
run_cabsflex            1              1              1
run_cabsflex_wt         1              1              1
total                   5              1              1

Select jobs to execute...

[Sun Oct 16 13:58:58 2022]
rule run_cabsflex:
    input: ./input_structures/2XWR_A_HIS168ARG.pdb
    output: ./2XWR_A_91-289_H168R/xray/no_restraints/output_pdbs/model_0.pdb, ./2XWR_A_91-289_H168R/xray/no_restraints/output_pdbs/model_1.pdb, ./2XWR_A_91-289_H168R/xray/no_restraints/output_pdbs/model_2.pdb, ./2XWR_A_91-289_H168R/xray/no_restraints/output_pdbs/model_3.pdb, ./2XWR_A_91-289_H168R/xray/no_restraints/output_pdbs/model_4.pdb, ./2XWR_A_91-289_H168R/xray/no_restraints/output_pdbs/model_5.pdb, ./2XWR_A_91-289_H168R/xray/no_restraints/output_pdbs/model_6.pdb, ./2XWR_A_91-289_H168R/xray/no_restraints/output_pdbs/model_7.pdb, ./2XWR_A_91-289_H168R/xray/no_restraints/output_pdbs/model_8.pdb, ./2XWR_A_91-289_H168R/xray/no_restraints/output_pdbs/model_9.pdb, ./2XWR_A_91-289_H168R/xray/no_restraints/output_pdbs/model_10.pdb, ./2XWR_A_91-289_H168R/xray/no_restraints/output_pdbs/model_11.pdb, ./2XWR_A_91-289_H168R/xray/no_restraints/output_pdbs/model_12.pdb, ./2XWR_A_91-289_H168R/xray/no_restraints/output_pdbs/model_13.pdb, ./2XWR_A_91-289_H168R/xray/no_restraints/output_pdbs/model_14.pdb, ./2XWR_A_91-289_H168R/xray/no_restraints/output_pdbs/model_15.pdb, ./2XWR_A_91-289_H168R/xray/no_restraints/output_pdbs/model_16.pdb, ./2XWR_A_91-289_H168R/xray/no_restraints/output_pdbs/model_17.pdb, ./2XWR_A_91-289_H168R/xray/no_restraints/output_pdbs/model_18.pdb, ./2XWR_A_91-289_H168R/xray/no_restraints/output_pdbs/model_19.pdb
    jobid: 2
    wildcards: name=2XWR, chain=A, start=91, end=289, wt=H, resnum=168, alt=R, source=xray, runtype=no_restraints
    resources: tmpdir=/tmp

[Sun Oct 16 14:29:28 2022]
Finished job 2.
1 of 5 steps (20%) done
Select jobs to execute...

[Sun Oct 16 14:29:28 2022]
rule make_ensemble:
    input: ./2XWR_A_91-289_H168R/xray/no_restraints/output_pdbs/model_0.pdb, ./2XWR_A_91-289_H168R/xray/no_restraints/output_pdbs/model_1.pdb, ./2XWR_A_91-289_H168R/xray/no_restraints/output_pdbs/model_2.pdb, ./2XWR_A_91-289_H168R/xray/no_restraints/output_pdbs/model_3.pdb, ./2XWR_A_91-289_H168R/xray/no_restraints/output_pdbs/model_4.pdb, ./2XWR_A_91-289_H168R/xray/no_restraints/output_pdbs/model_5.pdb, ./2XWR_A_91-289_H168R/xray/no_restraints/output_pdbs/model_6.pdb, ./2XWR_A_91-289_H168R/xray/no_restraints/output_pdbs/model_7.pdb, ./2XWR_A_91-289_H168R/xray/no_restraints/output_pdbs/model_8.pdb, ./2XWR_A_91-289_H168R/xray/no_restraints/output_pdbs/model_9.pdb, ./2XWR_A_91-289_H168R/xray/no_restraints/output_pdbs/model_10.pdb, ./2XWR_A_91-289_H168R/xray/no_restraints/output_pdbs/model_11.pdb, ./2XWR_A_91-289_H168R/xray/no_restraints/output_pdbs/model_12.pdb, ./2XWR_A_91-289_H168R/xray/no_restraints/output_pdbs/model_13.pdb, ./2XWR_A_91-289_H168R/xray/no_restraints/output_pdbs/model_14.pdb, ./2XWR_A_91-289_H168R/xray/no_restraints/output_pdbs/model_15.pdb, ./2XWR_A_91-289_H168R/xray/no_restraints/output_pdbs/model_16.pdb, ./2XWR_A_91-289_H168R/xray/no_restraints/output_pdbs/model_17.pdb, ./2XWR_A_91-289_H168R/xray/no_restraints/output_pdbs/model_18.pdb, ./2XWR_A_91-289_H168R/xray/no_restraints/output_pdbs/model_19.pdb
    output: ./2XWR_A_91-289_H168R/xray/no_restraints/theseus/theseus_sup.pdb
    jobid: 1
    wildcards: name=2XWR, chain=A, start=91, end=289, wt=H, resnum=168, alt=R, source=xray, runtype=no_restraints
    resources: tmpdir=/tmp

[Sun Oct 16 14:29:29 2022]
Finished job 1.
2 of 5 steps (40%) done
Select jobs to execute...

[Sun Oct 16 14:29:29 2022]
rule run_cabsflex_wt:
    input: ./input_structures/2XWR_A_WT.pdb
    output: ./2XWR_A_91-289_WT/xray/no_restraints/output_pdbs/model_0.pdb, ./2XWR_A_91-289_WT/xray/no_restraints/output_pdbs/model_1.pdb, ./2XWR_A_91-289_WT/xray/no_restraints/output_pdbs/model_2.pdb, ./2XWR_A_91-289_WT/xray/no_restraints/output_pdbs/model_3.pdb, ./2XWR_A_91-289_WT/xray/no_restraints/output_pdbs/model_4.pdb, ./2XWR_A_91-289_WT/xray/no_restraints/output_pdbs/model_5.pdb, ./2XWR_A_91-289_WT/xray/no_restraints/output_pdbs/model_6.pdb, ./2XWR_A_91-289_WT/xray/no_restraints/output_pdbs/model_7.pdb, ./2XWR_A_91-289_WT/xray/no_restraints/output_pdbs/model_8.pdb, ./2XWR_A_91-289_WT/xray/no_restraints/output_pdbs/model_9.pdb, ./2XWR_A_91-289_WT/xray/no_restraints/output_pdbs/model_10.pdb, ./2XWR_A_91-289_WT/xray/no_restraints/output_pdbs/model_11.pdb, ./2XWR_A_91-289_WT/xray/no_restraints/output_pdbs/model_12.pdb, ./2XWR_A_91-289_WT/xray/no_restraints/output_pdbs/model_13.pdb, ./2XWR_A_91-289_WT/xray/no_restraints/output_pdbs/model_14.pdb, ./2XWR_A_91-289_WT/xray/no_restraints/output_pdbs/model_15.pdb, ./2XWR_A_91-289_WT/xray/no_restraints/output_pdbs/model_16.pdb, ./2XWR_A_91-289_WT/xray/no_restraints/output_pdbs/model_17.pdb, ./2XWR_A_91-289_WT/xray/no_restraints/output_pdbs/model_18.pdb, ./2XWR_A_91-289_WT/xray/no_restraints/output_pdbs/model_19.pdb
    jobid: 4
    wildcards: name=2XWR, chain=A, start=91, end=289, source=xray, runtype=no_restraints
    resources: tmpdir=/tmp

[Sun Oct 16 15:01:54 2022]
Finished job 4.
3 of 5 steps (60%) done
Select jobs to execute...

[Sun Oct 16 15:01:54 2022]
rule make_ensemble_wt:
    input: ./2XWR_A_91-289_WT/xray/no_restraints/output_pdbs/model_0.pdb, ./2XWR_A_91-289_WT/xray/no_restraints/output_pdbs/model_1.pdb, ./2XWR_A_91-289_WT/xray/no_restraints/output_pdbs/model_2.pdb, ./2XWR_A_91-289_WT/xray/no_restraints/output_pdbs/model_3.pdb, ./2XWR_A_91-289_WT/xray/no_restraints/output_pdbs/model_4.pdb, ./2XWR_A_91-289_WT/xray/no_restraints/output_pdbs/model_5.pdb, ./2XWR_A_91-289_WT/xray/no_restraints/output_pdbs/model_6.pdb, ./2XWR_A_91-289_WT/xray/no_restraints/output_pdbs/model_7.pdb, ./2XWR_A_91-289_WT/xray/no_restraints/output_pdbs/model_8.pdb, ./2XWR_A_91-289_WT/xray/no_restraints/output_pdbs/model_9.pdb, ./2XWR_A_91-289_WT/xray/no_restraints/output_pdbs/model_10.pdb, ./2XWR_A_91-289_WT/xray/no_restraints/output_pdbs/model_11.pdb, ./2XWR_A_91-289_WT/xray/no_restraints/output_pdbs/model_12.pdb, ./2XWR_A_91-289_WT/xray/no_restraints/output_pdbs/model_13.pdb, ./2XWR_A_91-289_WT/xray/no_restraints/output_pdbs/model_14.pdb, ./2XWR_A_91-289_WT/xray/no_restraints/output_pdbs/model_15.pdb, ./2XWR_A_91-289_WT/xray/no_restraints/output_pdbs/model_16.pdb, ./2XWR_A_91-289_WT/xray/no_restraints/output_pdbs/model_17.pdb, ./2XWR_A_91-289_WT/xray/no_restraints/output_pdbs/model_18.pdb, ./2XWR_A_91-289_WT/xray/no_restraints/output_pdbs/model_19.pdb
    output: ./2XWR_A_91-289_WT/xray/no_restraints/theseus/theseus_sup.pdb
    jobid: 3
    wildcards: name=2XWR, chain=A, start=91, end=289, source=xray, runtype=no_restraints
    resources: tmpdir=/tmp

[Sun Oct 16 15:01:55 2022]
Finished job 3.
4 of 5 steps (80%) done
Select jobs to execute...

[Sun Oct 16 15:01:55 2022]
localrule all:
    input: ./2XWR_A_91-289_H168R/xray/no_restraints/theseus/theseus_sup.pdb, ./2XWR_A_91-289_WT/xray/no_restraints/theseus/theseus_sup.pdb
    jobid: 0
    resources: tmpdir=/tmp

[Sun Oct 16 15:01:55 2022]
Finished job 0.
5 of 5 steps (100%) done
Complete log: /data/user/krde/CABSflex_snakemake/cabs_production/cabsflex/example_run_1/.snakemake/log/2022-10-16T135857.486180.snakemake.log
