Building DAG of jobs...
Relative file path './2XWR_A_91-289_N239Y/xray/no_restraints/theseus/theseus_sup.pdb' starts with './'. This is redundant and strongly discouraged. It can also lead to inconsistent results of the file-matching approach used by Snakemake. You can simply omit the './' for relative file paths.
Relative file path './2XWR_A_91-289_H168R/xray/no_restraints/theseus/theseus_sup.pdb' starts with './'. This is redundant and strongly discouraged. It can also lead to inconsistent results of the file-matching approach used by Snakemake. You can simply omit the './' for relative file paths.
Relative file path './2XWR_A_91-289_D148E/xray/no_restraints/theseus/theseus_sup.pdb' starts with './'. This is redundant and strongly discouraged. It can also lead to inconsistent results of the file-matching approach used by Snakemake. You can simply omit the './' for relative file paths.
Relative file path './2XWR_A_91-289_WT/xray/no_restraints/theseus/theseus_sup.pdb' starts with './'. This is redundant and strongly discouraged. It can also lead to inconsistent results of the file-matching approach used by Snakemake. You can simply omit the './' for relative file paths.
Relative file path './2XWR_A_91-289_N239Y/xray/no_restraints/output_pdbs/model_0.pdb' starts with './'. This is redundant and strongly discouraged. It can also lead to inconsistent results of the file-matching approach used by Snakemake. You can simply omit the './' for relative file paths.
Relative file path './2XWR_A_91-289_N239Y/xray/no_restraints/output_pdbs/model_1.pdb' starts with './'. This is redundant and strongly discouraged. It can also lead to inconsistent results of the file-matching approach used by Snakemake. You can simply omit the './' for relative file paths.
Relative file path './2XWR_A_91-289_N239Y/xray/no_restraints/output_pdbs/model_2.pdb' starts with './'. This is redundant and strongly discouraged. It can also lead to inconsistent results of the file-matching approach used by Snakemake. You can simply omit the './' for relative file paths.
Relative file path './2XWR_A_91-289_N239Y/xray/no_restraints/output_pdbs/model_3.pdb' starts with './'. This is redundant and strongly discouraged. It can also lead to inconsistent results of the file-matching approach used by Snakemake. You can simply omit the './' for relative file paths.
Relative file path './2XWR_A_91-289_N239Y/xray/no_restraints/output_pdbs/model_4.pdb' starts with './'. This is redundant and strongly discouraged. It can also lead to inconsistent results of the file-matching approach used by Snakemake. You can simply omit the './' for relative file paths.
Relative file path './2XWR_A_91-289_N239Y/xray/no_restraints/output_pdbs/model_5.pdb' starts with './'. This is redundant and strongly discouraged. It can also lead to inconsistent results of the file-matching approach used by Snakemake. You can simply omit the './' for relative file paths.
Relative file path './2XWR_A_91-289_N239Y/xray/no_restraints/output_pdbs/model_6.pdb' starts with './'. This is redundant and strongly discouraged. It can also lead to inconsistent results of the file-matching approach used by Snakemake. You can simply omit the './' for relative file paths.
Relative file path './2XWR_A_91-289_N239Y/xray/no_restraints/output_pdbs/model_7.pdb' starts with './'. This is redundant and strongly discouraged. It can also lead to inconsistent results of the file-matching approach used by Snakemake. You can simply omit the './' for relative file paths.
Relative file path './2XWR_A_91-289_N239Y/xray/no_restraints/output_pdbs/model_8.pdb' starts with './'. This is redundant and strongly discouraged. It can also lead to inconsistent results of the file-matching approach used by Snakemake. You can simply omit the './' for relative file paths.
Relative file path './2XWR_A_91-289_N239Y/xray/no_restraints/output_pdbs/model_9.pdb' starts with './'. This is redundant and strongly discouraged. It can also lead to inconsistent results of the file-matching approach used by Snakemake. You can simply omit the './' for relative file paths.
Relative file path './2XWR_A_91-289_N239Y/xray/no_restraints/output_pdbs/model_10.pdb' starts with './'. This is redundant and strongly discouraged. It can also lead to inconsistent results of the file-matching approach used by Snakemake. You can simply omit the './' for relative file paths.
Relative file path './2XWR_A_91-289_N239Y/xray/no_restraints/output_pdbs/model_11.pdb' starts with './'. This is redundant and strongly discouraged. It can also lead to inconsistent results of the file-matching approach used by Snakemake. You can simply omit the './' for relative file paths.
Relative file path './2XWR_A_91-289_N239Y/xray/no_restraints/output_pdbs/model_12.pdb' starts with './'. This is redundant and strongly discouraged. It can also lead to inconsistent results of the file-matching approach used by Snakemake. You can simply omit the './' for relative file paths.
Relative file path './2XWR_A_91-289_N239Y/xray/no_restraints/output_pdbs/model_13.pdb' starts with './'. This is redundant and strongly discouraged. It can also lead to inconsistent results of the file-matching approach used by Snakemake. You can simply omit the './' for relative file paths.
Relative file path './2XWR_A_91-289_N239Y/xray/no_restraints/output_pdbs/model_14.pdb' starts with './'. This is redundant and strongly discouraged. It can also lead to inconsistent results of the file-matching approach used by Snakemake. You can simply omit the './' for relative file paths.
Relative file path './2XWR_A_91-289_N239Y/xray/no_restraints/output_pdbs/model_15.pdb' starts with './'. This is redundant and strongly discouraged. It can also lead to inconsistent results of the file-matching approach used by Snakemake. You can simply omit the './' for relative file paths.
Relative file path './2XWR_A_91-289_N239Y/xray/no_restraints/output_pdbs/model_16.pdb' starts with './'. This is redundant and strongly discouraged. It can also lead to inconsistent results of the file-matching approach used by Snakemake. You can simply omit the './' for relative file paths.
Relative file path './2XWR_A_91-289_N239Y/xray/no_restraints/output_pdbs/model_17.pdb' starts with './'. This is redundant and strongly discouraged. It can also lead to inconsistent results of the file-matching approach used by Snakemake. You can simply omit the './' for relative file paths.
Relative file path './2XWR_A_91-289_N239Y/xray/no_restraints/output_pdbs/model_18.pdb' starts with './'. This is redundant and strongly discouraged. It can also lead to inconsistent results of the file-matching approach used by Snakemake. You can simply omit the './' for relative file paths.
Relative file path './2XWR_A_91-289_N239Y/xray/no_restraints/output_pdbs/model_19.pdb' starts with './'. This is redundant and strongly discouraged. It can also lead to inconsistent results of the file-matching approach used by Snakemake. You can simply omit the './' for relative file paths.
Relative file path './2XWR_A_91-289_N239Y/xray/no_restraints/theseus/theseus_sup.pdb' starts with './'. This is redundant and strongly discouraged. It can also lead to inconsistent results of the file-matching approach used by Snakemake. You can simply omit the './' for relative file paths.
Relative file path './input_structures/2XWR_A_ASN239TYR.pdb' starts with './'. This is redundant and strongly discouraged. It can also lead to inconsistent results of the file-matching approach used by Snakemake. You can simply omit the './' for relative file paths.
Relative file path './2XWR_A_91-289_N239Y/xray/no_restraints/output_pdbs/model_0.pdb' starts with './'. This is redundant and strongly discouraged. It can also lead to inconsistent results of the file-matching approach used by Snakemake. You can simply omit the './' for relative file paths.
Relative file path './2XWR_A_91-289_N239Y/xray/no_restraints/output_pdbs/model_1.pdb' starts with './'. This is redundant and strongly discouraged. It can also lead to inconsistent results of the file-matching approach used by Snakemake. You can simply omit the './' for relative file paths.
Relative file path './2XWR_A_91-289_N239Y/xray/no_restraints/output_pdbs/model_2.pdb' starts with './'. This is redundant and strongly discouraged. It can also lead to inconsistent results of the file-matching approach used by Snakemake. You can simply omit the './' for relative file paths.
Relative file path './2XWR_A_91-289_N239Y/xray/no_restraints/output_pdbs/model_3.pdb' starts with './'. This is redundant and strongly discouraged. It can also lead to inconsistent results of the file-matching approach used by Snakemake. You can simply omit the './' for relative file paths.
Relative file path './2XWR_A_91-289_N239Y/xray/no_restraints/output_pdbs/model_4.pdb' starts with './'. This is redundant and strongly discouraged. It can also lead to inconsistent results of the file-matching approach used by Snakemake. You can simply omit the './' for relative file paths.
Relative file path './2XWR_A_91-289_N239Y/xray/no_restraints/output_pdbs/model_5.pdb' starts with './'. This is redundant and strongly discouraged. It can also lead to inconsistent results of the file-matching approach used by Snakemake. You can simply omit the './' for relative file paths.
Relative file path './2XWR_A_91-289_N239Y/xray/no_restraints/output_pdbs/model_6.pdb' starts with './'. This is redundant and strongly discouraged. It can also lead to inconsistent results of the file-matching approach used by Snakemake. You can simply omit the './' for relative file paths.
Relative file path './2XWR_A_91-289_N239Y/xray/no_restraints/output_pdbs/model_7.pdb' starts with './'. This is redundant and strongly discouraged. It can also lead to inconsistent results of the file-matching approach used by Snakemake. You can simply omit the './' for relative file paths.
Relative file path './2XWR_A_91-289_N239Y/xray/no_restraints/output_pdbs/model_8.pdb' starts with './'. This is redundant and strongly discouraged. It can also lead to inconsistent results of the file-matching approach used by Snakemake. You can simply omit the './' for relative file paths.
Relative file path './2XWR_A_91-289_N239Y/xray/no_restraints/output_pdbs/model_9.pdb' starts with './'. This is redundant and strongly discouraged. It can also lead to inconsistent results of the file-matching approach used by Snakemake. You can simply omit the './' for relative file paths.
Relative file path './2XWR_A_91-289_N239Y/xray/no_restraints/output_pdbs/model_10.pdb' starts with './'. This is redundant and strongly discouraged. It can also lead to inconsistent results of the file-matching approach used by Snakemake. You can simply omit the './' for relative file paths.
Relative file path './2XWR_A_91-289_N239Y/xray/no_restraints/output_pdbs/model_11.pdb' starts with './'. This is redundant and strongly discouraged. It can also lead to inconsistent results of the file-matching approach used by Snakemake. You can simply omit the './' for relative file paths.
Relative file path './2XWR_A_91-289_N239Y/xray/no_restraints/output_pdbs/model_12.pdb' starts with './'. This is redundant and strongly discouraged. It can also lead to inconsistent results of the file-matching approach used by Snakemake. You can simply omit the './' for relative file paths.
Relative file path './2XWR_A_91-289_N239Y/xray/no_restraints/output_pdbs/model_13.pdb' starts with './'. This is redundant and strongly discouraged. It can also lead to inconsistent results of the file-matching approach used by Snakemake. You can simply omit the './' for relative file paths.
Relative file path './2XWR_A_91-289_N239Y/xray/no_restraints/output_pdbs/model_14.pdb' starts with './'. This is redundant and strongly discouraged. It can also lead to inconsistent results of the file-matching approach used by Snakemake. You can simply omit the './' for relative file paths.
Relative file path './2XWR_A_91-289_N239Y/xray/no_restraints/output_pdbs/model_15.pdb' starts with './'. This is redundant and strongly discouraged. It can also lead to inconsistent results of the file-matching approach used by Snakemake. You can simply omit the './' for relative file paths.
Relative file path './2XWR_A_91-289_N239Y/xray/no_restraints/output_pdbs/model_16.pdb' starts with './'. This is redundant and strongly discouraged. It can also lead to inconsistent results of the file-matching approach used by Snakemake. You can simply omit the './' for relative file paths.
Relative file path './2XWR_A_91-289_N239Y/xray/no_restraints/output_pdbs/model_17.pdb' starts with './'. This is redundant and strongly discouraged. It can also lead to inconsistent results of the file-matching approach used by Snakemake. You can simply omit the './' for relative file paths.
Relative file path './2XWR_A_91-289_N239Y/xray/no_restraints/output_pdbs/model_18.pdb' starts with './'. This is redundant and strongly discouraged. It can also lead to inconsistent results of the file-matching approach used by Snakemake. You can simply omit the './' for relative file paths.
Relative file path './2XWR_A_91-289_N239Y/xray/no_restraints/output_pdbs/model_19.pdb' starts with './'. This is redundant and strongly discouraged. It can also lead to inconsistent results of the file-matching approach used by Snakemake. You can simply omit the './' for relative file paths.
Relative file path './2XWR_A_91-289_H168R/xray/no_restraints/output_pdbs/model_0.pdb' starts with './'. This is redundant and strongly discouraged. It can also lead to inconsistent results of the file-matching approach used by Snakemake. You can simply omit the './' for relative file paths.
Relative file path './2XWR_A_91-289_H168R/xray/no_restraints/output_pdbs/model_1.pdb' starts with './'. This is redundant and strongly discouraged. It can also lead to inconsistent results of the file-matching approach used by Snakemake. You can simply omit the './' for relative file paths.
Relative file path './2XWR_A_91-289_H168R/xray/no_restraints/output_pdbs/model_2.pdb' starts with './'. This is redundant and strongly discouraged. It can also lead to inconsistent results of the file-matching approach used by Snakemake. You can simply omit the './' for relative file paths.
Relative file path './2XWR_A_91-289_H168R/xray/no_restraints/output_pdbs/model_3.pdb' starts with './'. This is redundant and strongly discouraged. It can also lead to inconsistent results of the file-matching approach used by Snakemake. You can simply omit the './' for relative file paths.
Relative file path './2XWR_A_91-289_H168R/xray/no_restraints/output_pdbs/model_4.pdb' starts with './'. This is redundant and strongly discouraged. It can also lead to inconsistent results of the file-matching approach used by Snakemake. You can simply omit the './' for relative file paths.
Relative file path './2XWR_A_91-289_H168R/xray/no_restraints/output_pdbs/model_5.pdb' starts with './'. This is redundant and strongly discouraged. It can also lead to inconsistent results of the file-matching approach used by Snakemake. You can simply omit the './' for relative file paths.
Relative file path './2XWR_A_91-289_H168R/xray/no_restraints/output_pdbs/model_6.pdb' starts with './'. This is redundant and strongly discouraged. It can also lead to inconsistent results of the file-matching approach used by Snakemake. You can simply omit the './' for relative file paths.
Relative file path './2XWR_A_91-289_H168R/xray/no_restraints/output_pdbs/model_7.pdb' starts with './'. This is redundant and strongly discouraged. It can also lead to inconsistent results of the file-matching approach used by Snakemake. You can simply omit the './' for relative file paths.
Relative file path './2XWR_A_91-289_H168R/xray/no_restraints/output_pdbs/model_8.pdb' starts with './'. This is redundant and strongly discouraged. It can also lead to inconsistent results of the file-matching approach used by Snakemake. You can simply omit the './' for relative file paths.
Relative file path './2XWR_A_91-289_H168R/xray/no_restraints/output_pdbs/model_9.pdb' starts with './'. This is redundant and strongly discouraged. It can also lead to inconsistent results of the file-matching approach used by Snakemake. You can simply omit the './' for relative file paths.
Relative file path './2XWR_A_91-289_H168R/xray/no_restraints/output_pdbs/model_10.pdb' starts with './'. This is redundant and strongly discouraged. It can also lead to inconsistent results of the file-matching approach used by Snakemake. You can simply omit the './' for relative file paths.
Relative file path './2XWR_A_91-289_H168R/xray/no_restraints/output_pdbs/model_11.pdb' starts with './'. This is redundant and strongly discouraged. It can also lead to inconsistent results of the file-matching approach used by Snakemake. You can simply omit the './' for relative file paths.
Relative file path './2XWR_A_91-289_H168R/xray/no_restraints/output_pdbs/model_12.pdb' starts with './'. This is redundant and strongly discouraged. It can also lead to inconsistent results of the file-matching approach used by Snakemake. You can simply omit the './' for relative file paths.
Relative file path './2XWR_A_91-289_H168R/xray/no_restraints/output_pdbs/model_13.pdb' starts with './'. This is redundant and strongly discouraged. It can also lead to inconsistent results of the file-matching approach used by Snakemake. You can simply omit the './' for relative file paths.
Relative file path './2XWR_A_91-289_H168R/xray/no_restraints/output_pdbs/model_14.pdb' starts with './'. This is redundant and strongly discouraged. It can also lead to inconsistent results of the file-matching approach used by Snakemake. You can simply omit the './' for relative file paths.
Relative file path './2XWR_A_91-289_H168R/xray/no_restraints/output_pdbs/model_15.pdb' starts with './'. This is redundant and strongly discouraged. It can also lead to inconsistent results of the file-matching approach used by Snakemake. You can simply omit the './' for relative file paths.
Relative file path './2XWR_A_91-289_H168R/xray/no_restraints/output_pdbs/model_16.pdb' starts with './'. This is redundant and strongly discouraged. It can also lead to inconsistent results of the file-matching approach used by Snakemake. You can simply omit the './' for relative file paths.
Relative file path './2XWR_A_91-289_H168R/xray/no_restraints/output_pdbs/model_17.pdb' starts with './'. This is redundant and strongly discouraged. It can also lead to inconsistent results of the file-matching approach used by Snakemake. You can simply omit the './' for relative file paths.
Relative file path './2XWR_A_91-289_H168R/xray/no_restraints/output_pdbs/model_18.pdb' starts with './'. This is redundant and strongly discouraged. It can also lead to inconsistent results of the file-matching approach used by Snakemake. You can simply omit the './' for relative file paths.
Relative file path './2XWR_A_91-289_H168R/xray/no_restraints/output_pdbs/model_19.pdb' starts with './'. This is redundant and strongly discouraged. It can also lead to inconsistent results of the file-matching approach used by Snakemake. You can simply omit the './' for relative file paths.
Relative file path './2XWR_A_91-289_H168R/xray/no_restraints/theseus/theseus_sup.pdb' starts with './'. This is redundant and strongly discouraged. It can also lead to inconsistent results of the file-matching approach used by Snakemake. You can simply omit the './' for relative file paths.
Relative file path './input_structures/2XWR_A_HIS168ARG.pdb' starts with './'. This is redundant and strongly discouraged. It can also lead to inconsistent results of the file-matching approach used by Snakemake. You can simply omit the './' for relative file paths.
Relative file path './2XWR_A_91-289_H168R/xray/no_restraints/output_pdbs/model_0.pdb' starts with './'. This is redundant and strongly discouraged. It can also lead to inconsistent results of the file-matching approach used by Snakemake. You can simply omit the './' for relative file paths.
Relative file path './2XWR_A_91-289_H168R/xray/no_restraints/output_pdbs/model_1.pdb' starts with './'. This is redundant and strongly discouraged. It can also lead to inconsistent results of the file-matching approach used by Snakemake. You can simply omit the './' for relative file paths.
Relative file path './2XWR_A_91-289_H168R/xray/no_restraints/output_pdbs/model_2.pdb' starts with './'. This is redundant and strongly discouraged. It can also lead to inconsistent results of the file-matching approach used by Snakemake. You can simply omit the './' for relative file paths.
Relative file path './2XWR_A_91-289_H168R/xray/no_restraints/output_pdbs/model_3.pdb' starts with './'. This is redundant and strongly discouraged. It can also lead to inconsistent results of the file-matching approach used by Snakemake. You can simply omit the './' for relative file paths.
Relative file path './2XWR_A_91-289_H168R/xray/no_restraints/output_pdbs/model_4.pdb' starts with './'. This is redundant and strongly discouraged. It can also lead to inconsistent results of the file-matching approach used by Snakemake. You can simply omit the './' for relative file paths.
Relative file path './2XWR_A_91-289_H168R/xray/no_restraints/output_pdbs/model_5.pdb' starts with './'. This is redundant and strongly discouraged. It can also lead to inconsistent results of the file-matching approach used by Snakemake. You can simply omit the './' for relative file paths.
Relative file path './2XWR_A_91-289_H168R/xray/no_restraints/output_pdbs/model_6.pdb' starts with './'. This is redundant and strongly discouraged. It can also lead to inconsistent results of the file-matching approach used by Snakemake. You can simply omit the './' for relative file paths.
Relative file path './2XWR_A_91-289_H168R/xray/no_restraints/output_pdbs/model_7.pdb' starts with './'. This is redundant and strongly discouraged. It can also lead to inconsistent results of the file-matching approach used by Snakemake. You can simply omit the './' for relative file paths.
Relative file path './2XWR_A_91-289_H168R/xray/no_restraints/output_pdbs/model_8.pdb' starts with './'. This is redundant and strongly discouraged. It can also lead to inconsistent results of the file-matching approach used by Snakemake. You can simply omit the './' for relative file paths.
Relative file path './2XWR_A_91-289_H168R/xray/no_restraints/output_pdbs/model_9.pdb' starts with './'. This is redundant and strongly discouraged. It can also lead to inconsistent results of the file-matching approach used by Snakemake. You can simply omit the './' for relative file paths.
Relative file path './2XWR_A_91-289_H168R/xray/no_restraints/output_pdbs/model_10.pdb' starts with './'. This is redundant and strongly discouraged. It can also lead to inconsistent results of the file-matching approach used by Snakemake. You can simply omit the './' for relative file paths.
Relative file path './2XWR_A_91-289_H168R/xray/no_restraints/output_pdbs/model_11.pdb' starts with './'. This is redundant and strongly discouraged. It can also lead to inconsistent results of the file-matching approach used by Snakemake. You can simply omit the './' for relative file paths.
Relative file path './2XWR_A_91-289_H168R/xray/no_restraints/output_pdbs/model_12.pdb' starts with './'. This is redundant and strongly discouraged. It can also lead to inconsistent results of the file-matching approach used by Snakemake. You can simply omit the './' for relative file paths.
Relative file path './2XWR_A_91-289_H168R/xray/no_restraints/output_pdbs/model_13.pdb' starts with './'. This is redundant and strongly discouraged. It can also lead to inconsistent results of the file-matching approach used by Snakemake. You can simply omit the './' for relative file paths.
Relative file path './2XWR_A_91-289_H168R/xray/no_restraints/output_pdbs/model_14.pdb' starts with './'. This is redundant and strongly discouraged. It can also lead to inconsistent results of the file-matching approach used by Snakemake. You can simply omit the './' for relative file paths.
Relative file path './2XWR_A_91-289_H168R/xray/no_restraints/output_pdbs/model_15.pdb' starts with './'. This is redundant and strongly discouraged. It can also lead to inconsistent results of the file-matching approach used by Snakemake. You can simply omit the './' for relative file paths.
Relative file path './2XWR_A_91-289_H168R/xray/no_restraints/output_pdbs/model_16.pdb' starts with './'. This is redundant and strongly discouraged. It can also lead to inconsistent results of the file-matching approach used by Snakemake. You can simply omit the './' for relative file paths.
Relative file path './2XWR_A_91-289_H168R/xray/no_restraints/output_pdbs/model_17.pdb' starts with './'. This is redundant and strongly discouraged. It can also lead to inconsistent results of the file-matching approach used by Snakemake. You can simply omit the './' for relative file paths.
Relative file path './2XWR_A_91-289_H168R/xray/no_restraints/output_pdbs/model_18.pdb' starts with './'. This is redundant and strongly discouraged. It can also lead to inconsistent results of the file-matching approach used by Snakemake. You can simply omit the './' for relative file paths.
Relative file path './2XWR_A_91-289_H168R/xray/no_restraints/output_pdbs/model_19.pdb' starts with './'. This is redundant and strongly discouraged. It can also lead to inconsistent results of the file-matching approach used by Snakemake. You can simply omit the './' for relative file paths.
Relative file path './2XWR_A_91-289_D148E/xray/no_restraints/output_pdbs/model_0.pdb' starts with './'. This is redundant and strongly discouraged. It can also lead to inconsistent results of the file-matching approach used by Snakemake. You can simply omit the './' for relative file paths.
Relative file path './2XWR_A_91-289_D148E/xray/no_restraints/output_pdbs/model_1.pdb' starts with './'. This is redundant and strongly discouraged. It can also lead to inconsistent results of the file-matching approach used by Snakemake. You can simply omit the './' for relative file paths.
Relative file path './2XWR_A_91-289_D148E/xray/no_restraints/output_pdbs/model_2.pdb' starts with './'. This is redundant and strongly discouraged. It can also lead to inconsistent results of the file-matching approach used by Snakemake. You can simply omit the './' for relative file paths.
Relative file path './2XWR_A_91-289_D148E/xray/no_restraints/output_pdbs/model_3.pdb' starts with './'. This is redundant and strongly discouraged. It can also lead to inconsistent results of the file-matching approach used by Snakemake. You can simply omit the './' for relative file paths.
Relative file path './2XWR_A_91-289_D148E/xray/no_restraints/output_pdbs/model_4.pdb' starts with './'. This is redundant and strongly discouraged. It can also lead to inconsistent results of the file-matching approach used by Snakemake. You can simply omit the './' for relative file paths.
Relative file path './2XWR_A_91-289_D148E/xray/no_restraints/output_pdbs/model_5.pdb' starts with './'. This is redundant and strongly discouraged. It can also lead to inconsistent results of the file-matching approach used by Snakemake. You can simply omit the './' for relative file paths.
Relative file path './2XWR_A_91-289_D148E/xray/no_restraints/output_pdbs/model_6.pdb' starts with './'. This is redundant and strongly discouraged. It can also lead to inconsistent results of the file-matching approach used by Snakemake. You can simply omit the './' for relative file paths.
Relative file path './2XWR_A_91-289_D148E/xray/no_restraints/output_pdbs/model_7.pdb' starts with './'. This is redundant and strongly discouraged. It can also lead to inconsistent results of the file-matching approach used by Snakemake. You can simply omit the './' for relative file paths.
Relative file path './2XWR_A_91-289_D148E/xray/no_restraints/output_pdbs/model_8.pdb' starts with './'. This is redundant and strongly discouraged. It can also lead to inconsistent results of the file-matching approach used by Snakemake. You can simply omit the './' for relative file paths.
Relative file path './2XWR_A_91-289_D148E/xray/no_restraints/output_pdbs/model_9.pdb' starts with './'. This is redundant and strongly discouraged. It can also lead to inconsistent results of the file-matching approach used by Snakemake. You can simply omit the './' for relative file paths.
Relative file path './2XWR_A_91-289_D148E/xray/no_restraints/output_pdbs/model_10.pdb' starts with './'. This is redundant and strongly discouraged. It can also lead to inconsistent results of the file-matching approach used by Snakemake. You can simply omit the './' for relative file paths.
Relative file path './2XWR_A_91-289_D148E/xray/no_restraints/output_pdbs/model_11.pdb' starts with './'. This is redundant and strongly discouraged. It can also lead to inconsistent results of the file-matching approach used by Snakemake. You can simply omit the './' for relative file paths.
Relative file path './2XWR_A_91-289_D148E/xray/no_restraints/output_pdbs/model_12.pdb' starts with './'. This is redundant and strongly discouraged. It can also lead to inconsistent results of the file-matching approach used by Snakemake. You can simply omit the './' for relative file paths.
Relative file path './2XWR_A_91-289_D148E/xray/no_restraints/output_pdbs/model_13.pdb' starts with './'. This is redundant and strongly discouraged. It can also lead to inconsistent results of the file-matching approach used by Snakemake. You can simply omit the './' for relative file paths.
Relative file path './2XWR_A_91-289_D148E/xray/no_restraints/output_pdbs/model_14.pdb' starts with './'. This is redundant and strongly discouraged. It can also lead to inconsistent results of the file-matching approach used by Snakemake. You can simply omit the './' for relative file paths.
Relative file path './2XWR_A_91-289_D148E/xray/no_restraints/output_pdbs/model_15.pdb' starts with './'. This is redundant and strongly discouraged. It can also lead to inconsistent results of the file-matching approach used by Snakemake. You can simply omit the './' for relative file paths.
Relative file path './2XWR_A_91-289_D148E/xray/no_restraints/output_pdbs/model_16.pdb' starts with './'. This is redundant and strongly discouraged. It can also lead to inconsistent results of the file-matching approach used by Snakemake. You can simply omit the './' for relative file paths.
Relative file path './2XWR_A_91-289_D148E/xray/no_restraints/output_pdbs/model_17.pdb' starts with './'. This is redundant and strongly discouraged. It can also lead to inconsistent results of the file-matching approach used by Snakemake. You can simply omit the './' for relative file paths.
Relative file path './2XWR_A_91-289_D148E/xray/no_restraints/output_pdbs/model_18.pdb' starts with './'. This is redundant and strongly discouraged. It can also lead to inconsistent results of the file-matching approach used by Snakemake. You can simply omit the './' for relative file paths.
Relative file path './2XWR_A_91-289_D148E/xray/no_restraints/output_pdbs/model_19.pdb' starts with './'. This is redundant and strongly discouraged. It can also lead to inconsistent results of the file-matching approach used by Snakemake. You can simply omit the './' for relative file paths.
Relative file path './2XWR_A_91-289_D148E/xray/no_restraints/theseus/theseus_sup.pdb' starts with './'. This is redundant and strongly discouraged. It can also lead to inconsistent results of the file-matching approach used by Snakemake. You can simply omit the './' for relative file paths.
Relative file path './input_structures/2XWR_A_ASP148GLU.pdb' starts with './'. This is redundant and strongly discouraged. It can also lead to inconsistent results of the file-matching approach used by Snakemake. You can simply omit the './' for relative file paths.
Relative file path './2XWR_A_91-289_D148E/xray/no_restraints/output_pdbs/model_0.pdb' starts with './'. This is redundant and strongly discouraged. It can also lead to inconsistent results of the file-matching approach used by Snakemake. You can simply omit the './' for relative file paths.
Relative file path './2XWR_A_91-289_D148E/xray/no_restraints/output_pdbs/model_1.pdb' starts with './'. This is redundant and strongly discouraged. It can also lead to inconsistent results of the file-matching approach used by Snakemake. You can simply omit the './' for relative file paths.
Relative file path './2XWR_A_91-289_D148E/xray/no_restraints/output_pdbs/model_2.pdb' starts with './'. This is redundant and strongly discouraged. It can also lead to inconsistent results of the file-matching approach used by Snakemake. You can simply omit the './' for relative file paths.
Relative file path './2XWR_A_91-289_D148E/xray/no_restraints/output_pdbs/model_3.pdb' starts with './'. This is redundant and strongly discouraged. It can also lead to inconsistent results of the file-matching approach used by Snakemake. You can simply omit the './' for relative file paths.
Relative file path './2XWR_A_91-289_D148E/xray/no_restraints/output_pdbs/model_4.pdb' starts with './'. This is redundant and strongly discouraged. It can also lead to inconsistent results of the file-matching approach used by Snakemake. You can simply omit the './' for relative file paths.
Relative file path './2XWR_A_91-289_D148E/xray/no_restraints/output_pdbs/model_5.pdb' starts with './'. This is redundant and strongly discouraged. It can also lead to inconsistent results of the file-matching approach used by Snakemake. You can simply omit the './' for relative file paths.
Relative file path './2XWR_A_91-289_D148E/xray/no_restraints/output_pdbs/model_6.pdb' starts with './'. This is redundant and strongly discouraged. It can also lead to inconsistent results of the file-matching approach used by Snakemake. You can simply omit the './' for relative file paths.
Relative file path './2XWR_A_91-289_D148E/xray/no_restraints/output_pdbs/model_7.pdb' starts with './'. This is redundant and strongly discouraged. It can also lead to inconsistent results of the file-matching approach used by Snakemake. You can simply omit the './' for relative file paths.
Relative file path './2XWR_A_91-289_D148E/xray/no_restraints/output_pdbs/model_8.pdb' starts with './'. This is redundant and strongly discouraged. It can also lead to inconsistent results of the file-matching approach used by Snakemake. You can simply omit the './' for relative file paths.
Relative file path './2XWR_A_91-289_D148E/xray/no_restraints/output_pdbs/model_9.pdb' starts with './'. This is redundant and strongly discouraged. It can also lead to inconsistent results of the file-matching approach used by Snakemake. You can simply omit the './' for relative file paths.
Relative file path './2XWR_A_91-289_D148E/xray/no_restraints/output_pdbs/model_10.pdb' starts with './'. This is redundant and strongly discouraged. It can also lead to inconsistent results of the file-matching approach used by Snakemake. You can simply omit the './' for relative file paths.
Relative file path './2XWR_A_91-289_D148E/xray/no_restraints/output_pdbs/model_11.pdb' starts with './'. This is redundant and strongly discouraged. It can also lead to inconsistent results of the file-matching approach used by Snakemake. You can simply omit the './' for relative file paths.
Relative file path './2XWR_A_91-289_D148E/xray/no_restraints/output_pdbs/model_12.pdb' starts with './'. This is redundant and strongly discouraged. It can also lead to inconsistent results of the file-matching approach used by Snakemake. You can simply omit the './' for relative file paths.
Relative file path './2XWR_A_91-289_D148E/xray/no_restraints/output_pdbs/model_13.pdb' starts with './'. This is redundant and strongly discouraged. It can also lead to inconsistent results of the file-matching approach used by Snakemake. You can simply omit the './' for relative file paths.
Relative file path './2XWR_A_91-289_D148E/xray/no_restraints/output_pdbs/model_14.pdb' starts with './'. This is redundant and strongly discouraged. It can also lead to inconsistent results of the file-matching approach used by Snakemake. You can simply omit the './' for relative file paths.
Relative file path './2XWR_A_91-289_D148E/xray/no_restraints/output_pdbs/model_15.pdb' starts with './'. This is redundant and strongly discouraged. It can also lead to inconsistent results of the file-matching approach used by Snakemake. You can simply omit the './' for relative file paths.
Relative file path './2XWR_A_91-289_D148E/xray/no_restraints/output_pdbs/model_16.pdb' starts with './'. This is redundant and strongly discouraged. It can also lead to inconsistent results of the file-matching approach used by Snakemake. You can simply omit the './' for relative file paths.
Relative file path './2XWR_A_91-289_D148E/xray/no_restraints/output_pdbs/model_17.pdb' starts with './'. This is redundant and strongly discouraged. It can also lead to inconsistent results of the file-matching approach used by Snakemake. You can simply omit the './' for relative file paths.
Relative file path './2XWR_A_91-289_D148E/xray/no_restraints/output_pdbs/model_18.pdb' starts with './'. This is redundant and strongly discouraged. It can also lead to inconsistent results of the file-matching approach used by Snakemake. You can simply omit the './' for relative file paths.
Relative file path './2XWR_A_91-289_D148E/xray/no_restraints/output_pdbs/model_19.pdb' starts with './'. This is redundant and strongly discouraged. It can also lead to inconsistent results of the file-matching approach used by Snakemake. You can simply omit the './' for relative file paths.
Relative file path './2XWR_A_91-289_WT/xray/no_restraints/output_pdbs/model_0.pdb' starts with './'. This is redundant and strongly discouraged. It can also lead to inconsistent results of the file-matching approach used by Snakemake. You can simply omit the './' for relative file paths.
Relative file path './2XWR_A_91-289_WT/xray/no_restraints/output_pdbs/model_1.pdb' starts with './'. This is redundant and strongly discouraged. It can also lead to inconsistent results of the file-matching approach used by Snakemake. You can simply omit the './' for relative file paths.
Relative file path './2XWR_A_91-289_WT/xray/no_restraints/output_pdbs/model_2.pdb' starts with './'. This is redundant and strongly discouraged. It can also lead to inconsistent results of the file-matching approach used by Snakemake. You can simply omit the './' for relative file paths.
Relative file path './2XWR_A_91-289_WT/xray/no_restraints/output_pdbs/model_3.pdb' starts with './'. This is redundant and strongly discouraged. It can also lead to inconsistent results of the file-matching approach used by Snakemake. You can simply omit the './' for relative file paths.
Relative file path './2XWR_A_91-289_WT/xray/no_restraints/output_pdbs/model_4.pdb' starts with './'. This is redundant and strongly discouraged. It can also lead to inconsistent results of the file-matching approach used by Snakemake. You can simply omit the './' for relative file paths.
Relative file path './2XWR_A_91-289_WT/xray/no_restraints/output_pdbs/model_5.pdb' starts with './'. This is redundant and strongly discouraged. It can also lead to inconsistent results of the file-matching approach used by Snakemake. You can simply omit the './' for relative file paths.
Relative file path './2XWR_A_91-289_WT/xray/no_restraints/output_pdbs/model_6.pdb' starts with './'. This is redundant and strongly discouraged. It can also lead to inconsistent results of the file-matching approach used by Snakemake. You can simply omit the './' for relative file paths.
Relative file path './2XWR_A_91-289_WT/xray/no_restraints/output_pdbs/model_7.pdb' starts with './'. This is redundant and strongly discouraged. It can also lead to inconsistent results of the file-matching approach used by Snakemake. You can simply omit the './' for relative file paths.
Relative file path './2XWR_A_91-289_WT/xray/no_restraints/output_pdbs/model_8.pdb' starts with './'. This is redundant and strongly discouraged. It can also lead to inconsistent results of the file-matching approach used by Snakemake. You can simply omit the './' for relative file paths.
Relative file path './2XWR_A_91-289_WT/xray/no_restraints/output_pdbs/model_9.pdb' starts with './'. This is redundant and strongly discouraged. It can also lead to inconsistent results of the file-matching approach used by Snakemake. You can simply omit the './' for relative file paths.
Relative file path './2XWR_A_91-289_WT/xray/no_restraints/output_pdbs/model_10.pdb' starts with './'. This is redundant and strongly discouraged. It can also lead to inconsistent results of the file-matching approach used by Snakemake. You can simply omit the './' for relative file paths.
Relative file path './2XWR_A_91-289_WT/xray/no_restraints/output_pdbs/model_11.pdb' starts with './'. This is redundant and strongly discouraged. It can also lead to inconsistent results of the file-matching approach used by Snakemake. You can simply omit the './' for relative file paths.
Relative file path './2XWR_A_91-289_WT/xray/no_restraints/output_pdbs/model_12.pdb' starts with './'. This is redundant and strongly discouraged. It can also lead to inconsistent results of the file-matching approach used by Snakemake. You can simply omit the './' for relative file paths.
Relative file path './2XWR_A_91-289_WT/xray/no_restraints/output_pdbs/model_13.pdb' starts with './'. This is redundant and strongly discouraged. It can also lead to inconsistent results of the file-matching approach used by Snakemake. You can simply omit the './' for relative file paths.
Relative file path './2XWR_A_91-289_WT/xray/no_restraints/output_pdbs/model_14.pdb' starts with './'. This is redundant and strongly discouraged. It can also lead to inconsistent results of the file-matching approach used by Snakemake. You can simply omit the './' for relative file paths.
Relative file path './2XWR_A_91-289_WT/xray/no_restraints/output_pdbs/model_15.pdb' starts with './'. This is redundant and strongly discouraged. It can also lead to inconsistent results of the file-matching approach used by Snakemake. You can simply omit the './' for relative file paths.
Relative file path './2XWR_A_91-289_WT/xray/no_restraints/output_pdbs/model_16.pdb' starts with './'. This is redundant and strongly discouraged. It can also lead to inconsistent results of the file-matching approach used by Snakemake. You can simply omit the './' for relative file paths.
Relative file path './2XWR_A_91-289_WT/xray/no_restraints/output_pdbs/model_17.pdb' starts with './'. This is redundant and strongly discouraged. It can also lead to inconsistent results of the file-matching approach used by Snakemake. You can simply omit the './' for relative file paths.
Relative file path './2XWR_A_91-289_WT/xray/no_restraints/output_pdbs/model_18.pdb' starts with './'. This is redundant and strongly discouraged. It can also lead to inconsistent results of the file-matching approach used by Snakemake. You can simply omit the './' for relative file paths.
Relative file path './2XWR_A_91-289_WT/xray/no_restraints/output_pdbs/model_19.pdb' starts with './'. This is redundant and strongly discouraged. It can also lead to inconsistent results of the file-matching approach used by Snakemake. You can simply omit the './' for relative file paths.
Relative file path './2XWR_A_91-289_WT/xray/no_restraints/theseus/theseus_sup.pdb' starts with './'. This is redundant and strongly discouraged. It can also lead to inconsistent results of the file-matching approach used by Snakemake. You can simply omit the './' for relative file paths.
Relative file path './input_structures/2XWR_A_WT.pdb' starts with './'. This is redundant and strongly discouraged. It can also lead to inconsistent results of the file-matching approach used by Snakemake. You can simply omit the './' for relative file paths.
Relative file path './2XWR_A_91-289_WT/xray/no_restraints/output_pdbs/model_0.pdb' starts with './'. This is redundant and strongly discouraged. It can also lead to inconsistent results of the file-matching approach used by Snakemake. You can simply omit the './' for relative file paths.
Relative file path './2XWR_A_91-289_WT/xray/no_restraints/output_pdbs/model_1.pdb' starts with './'. This is redundant and strongly discouraged. It can also lead to inconsistent results of the file-matching approach used by Snakemake. You can simply omit the './' for relative file paths.
Relative file path './2XWR_A_91-289_WT/xray/no_restraints/output_pdbs/model_2.pdb' starts with './'. This is redundant and strongly discouraged. It can also lead to inconsistent results of the file-matching approach used by Snakemake. You can simply omit the './' for relative file paths.
Relative file path './2XWR_A_91-289_WT/xray/no_restraints/output_pdbs/model_3.pdb' starts with './'. This is redundant and strongly discouraged. It can also lead to inconsistent results of the file-matching approach used by Snakemake. You can simply omit the './' for relative file paths.
Relative file path './2XWR_A_91-289_WT/xray/no_restraints/output_pdbs/model_4.pdb' starts with './'. This is redundant and strongly discouraged. It can also lead to inconsistent results of the file-matching approach used by Snakemake. You can simply omit the './' for relative file paths.
Relative file path './2XWR_A_91-289_WT/xray/no_restraints/output_pdbs/model_5.pdb' starts with './'. This is redundant and strongly discouraged. It can also lead to inconsistent results of the file-matching approach used by Snakemake. You can simply omit the './' for relative file paths.
Relative file path './2XWR_A_91-289_WT/xray/no_restraints/output_pdbs/model_6.pdb' starts with './'. This is redundant and strongly discouraged. It can also lead to inconsistent results of the file-matching approach used by Snakemake. You can simply omit the './' for relative file paths.
Relative file path './2XWR_A_91-289_WT/xray/no_restraints/output_pdbs/model_7.pdb' starts with './'. This is redundant and strongly discouraged. It can also lead to inconsistent results of the file-matching approach used by Snakemake. You can simply omit the './' for relative file paths.
Relative file path './2XWR_A_91-289_WT/xray/no_restraints/output_pdbs/model_8.pdb' starts with './'. This is redundant and strongly discouraged. It can also lead to inconsistent results of the file-matching approach used by Snakemake. You can simply omit the './' for relative file paths.
Relative file path './2XWR_A_91-289_WT/xray/no_restraints/output_pdbs/model_9.pdb' starts with './'. This is redundant and strongly discouraged. It can also lead to inconsistent results of the file-matching approach used by Snakemake. You can simply omit the './' for relative file paths.
Relative file path './2XWR_A_91-289_WT/xray/no_restraints/output_pdbs/model_10.pdb' starts with './'. This is redundant and strongly discouraged. It can also lead to inconsistent results of the file-matching approach used by Snakemake. You can simply omit the './' for relative file paths.
Relative file path './2XWR_A_91-289_WT/xray/no_restraints/output_pdbs/model_11.pdb' starts with './'. This is redundant and strongly discouraged. It can also lead to inconsistent results of the file-matching approach used by Snakemake. You can simply omit the './' for relative file paths.
Relative file path './2XWR_A_91-289_WT/xray/no_restraints/output_pdbs/model_12.pdb' starts with './'. This is redundant and strongly discouraged. It can also lead to inconsistent results of the file-matching approach used by Snakemake. You can simply omit the './' for relative file paths.
Relative file path './2XWR_A_91-289_WT/xray/no_restraints/output_pdbs/model_13.pdb' starts with './'. This is redundant and strongly discouraged. It can also lead to inconsistent results of the file-matching approach used by Snakemake. You can simply omit the './' for relative file paths.
Relative file path './2XWR_A_91-289_WT/xray/no_restraints/output_pdbs/model_14.pdb' starts with './'. This is redundant and strongly discouraged. It can also lead to inconsistent results of the file-matching approach used by Snakemake. You can simply omit the './' for relative file paths.
Relative file path './2XWR_A_91-289_WT/xray/no_restraints/output_pdbs/model_15.pdb' starts with './'. This is redundant and strongly discouraged. It can also lead to inconsistent results of the file-matching approach used by Snakemake. You can simply omit the './' for relative file paths.
Relative file path './2XWR_A_91-289_WT/xray/no_restraints/output_pdbs/model_16.pdb' starts with './'. This is redundant and strongly discouraged. It can also lead to inconsistent results of the file-matching approach used by Snakemake. You can simply omit the './' for relative file paths.
Relative file path './2XWR_A_91-289_WT/xray/no_restraints/output_pdbs/model_17.pdb' starts with './'. This is redundant and strongly discouraged. It can also lead to inconsistent results of the file-matching approach used by Snakemake. You can simply omit the './' for relative file paths.
Relative file path './2XWR_A_91-289_WT/xray/no_restraints/output_pdbs/model_18.pdb' starts with './'. This is redundant and strongly discouraged. It can also lead to inconsistent results of the file-matching approach used by Snakemake. You can simply omit the './' for relative file paths.
Relative file path './2XWR_A_91-289_WT/xray/no_restraints/output_pdbs/model_19.pdb' starts with './'. This is redundant and strongly discouraged. It can also lead to inconsistent results of the file-matching approach used by Snakemake. You can simply omit the './' for relative file paths.
Using shell: /bin/bash
Provided cores: 4
Rules claiming more threads will be scaled down.
Job stats:
job                 count    min threads    max threads
----------------  -------  -------------  -------------
all                     1              1              1
make_ensemble           3              1              1
make_ensemble_wt        1              1              1
run_cabsflex            3              1              1
run_cabsflex_wt         1              1              1
total                   9              1              1

Select jobs to execute...

[Wed Oct 12 09:51:49 2022]
rule run_cabsflex:
    input: ./input_structures/2XWR_A_ASN239TYR.pdb
    output: ./2XWR_A_91-289_N239Y/xray/no_restraints/output_pdbs/model_0.pdb, ./2XWR_A_91-289_N239Y/xray/no_restraints/output_pdbs/model_1.pdb, ./2XWR_A_91-289_N239Y/xray/no_restraints/output_pdbs/model_2.pdb, ./2XWR_A_91-289_N239Y/xray/no_restraints/output_pdbs/model_3.pdb, ./2XWR_A_91-289_N239Y/xray/no_restraints/output_pdbs/model_4.pdb, ./2XWR_A_91-289_N239Y/xray/no_restraints/output_pdbs/model_5.pdb, ./2XWR_A_91-289_N239Y/xray/no_restraints/output_pdbs/model_6.pdb, ./2XWR_A_91-289_N239Y/xray/no_restraints/output_pdbs/model_7.pdb, ./2XWR_A_91-289_N239Y/xray/no_restraints/output_pdbs/model_8.pdb, ./2XWR_A_91-289_N239Y/xray/no_restraints/output_pdbs/model_9.pdb, ./2XWR_A_91-289_N239Y/xray/no_restraints/output_pdbs/model_10.pdb, ./2XWR_A_91-289_N239Y/xray/no_restraints/output_pdbs/model_11.pdb, ./2XWR_A_91-289_N239Y/xray/no_restraints/output_pdbs/model_12.pdb, ./2XWR_A_91-289_N239Y/xray/no_restraints/output_pdbs/model_13.pdb, ./2XWR_A_91-289_N239Y/xray/no_restraints/output_pdbs/model_14.pdb, ./2XWR_A_91-289_N239Y/xray/no_restraints/output_pdbs/model_15.pdb, ./2XWR_A_91-289_N239Y/xray/no_restraints/output_pdbs/model_16.pdb, ./2XWR_A_91-289_N239Y/xray/no_restraints/output_pdbs/model_17.pdb, ./2XWR_A_91-289_N239Y/xray/no_restraints/output_pdbs/model_18.pdb, ./2XWR_A_91-289_N239Y/xray/no_restraints/output_pdbs/model_19.pdb
    jobid: 2
    wildcards: name=2XWR, chain=A, start=91, end=289, wt=N, resnum=239, alt=Y, source=xray, runtype=no_restraints
    resources: tmpdir=/tmp


[Wed Oct 12 09:51:49 2022]
rule run_cabsflex:
    input: ./input_structures/2XWR_A_ASP148GLU.pdb
    output: ./2XWR_A_91-289_D148E/xray/no_restraints/output_pdbs/model_0.pdb, ./2XWR_A_91-289_D148E/xray/no_restraints/output_pdbs/model_1.pdb, ./2XWR_A_91-289_D148E/xray/no_restraints/output_pdbs/model_2.pdb, ./2XWR_A_91-289_D148E/xray/no_restraints/output_pdbs/model_3.pdb, ./2XWR_A_91-289_D148E/xray/no_restraints/output_pdbs/model_4.pdb, ./2XWR_A_91-289_D148E/xray/no_restraints/output_pdbs/model_5.pdb, ./2XWR_A_91-289_D148E/xray/no_restraints/output_pdbs/model_6.pdb, ./2XWR_A_91-289_D148E/xray/no_restraints/output_pdbs/model_7.pdb, ./2XWR_A_91-289_D148E/xray/no_restraints/output_pdbs/model_8.pdb, ./2XWR_A_91-289_D148E/xray/no_restraints/output_pdbs/model_9.pdb, ./2XWR_A_91-289_D148E/xray/no_restraints/output_pdbs/model_10.pdb, ./2XWR_A_91-289_D148E/xray/no_restraints/output_pdbs/model_11.pdb, ./2XWR_A_91-289_D148E/xray/no_restraints/output_pdbs/model_12.pdb, ./2XWR_A_91-289_D148E/xray/no_restraints/output_pdbs/model_13.pdb, ./2XWR_A_91-289_D148E/xray/no_restraints/output_pdbs/model_14.pdb, ./2XWR_A_91-289_D148E/xray/no_restraints/output_pdbs/model_15.pdb, ./2XWR_A_91-289_D148E/xray/no_restraints/output_pdbs/model_16.pdb, ./2XWR_A_91-289_D148E/xray/no_restraints/output_pdbs/model_17.pdb, ./2XWR_A_91-289_D148E/xray/no_restraints/output_pdbs/model_18.pdb, ./2XWR_A_91-289_D148E/xray/no_restraints/output_pdbs/model_19.pdb
    jobid: 6
    wildcards: name=2XWR, chain=A, start=91, end=289, wt=D, resnum=148, alt=E, source=xray, runtype=no_restraints
    resources: tmpdir=/tmp


[Wed Oct 12 09:51:49 2022]
rule run_cabsflex_wt:
    input: ./input_structures/2XWR_A_WT.pdb
    output: ./2XWR_A_91-289_WT/xray/no_restraints/output_pdbs/model_0.pdb, ./2XWR_A_91-289_WT/xray/no_restraints/output_pdbs/model_1.pdb, ./2XWR_A_91-289_WT/xray/no_restraints/output_pdbs/model_2.pdb, ./2XWR_A_91-289_WT/xray/no_restraints/output_pdbs/model_3.pdb, ./2XWR_A_91-289_WT/xray/no_restraints/output_pdbs/model_4.pdb, ./2XWR_A_91-289_WT/xray/no_restraints/output_pdbs/model_5.pdb, ./2XWR_A_91-289_WT/xray/no_restraints/output_pdbs/model_6.pdb, ./2XWR_A_91-289_WT/xray/no_restraints/output_pdbs/model_7.pdb, ./2XWR_A_91-289_WT/xray/no_restraints/output_pdbs/model_8.pdb, ./2XWR_A_91-289_WT/xray/no_restraints/output_pdbs/model_9.pdb, ./2XWR_A_91-289_WT/xray/no_restraints/output_pdbs/model_10.pdb, ./2XWR_A_91-289_WT/xray/no_restraints/output_pdbs/model_11.pdb, ./2XWR_A_91-289_WT/xray/no_restraints/output_pdbs/model_12.pdb, ./2XWR_A_91-289_WT/xray/no_restraints/output_pdbs/model_13.pdb, ./2XWR_A_91-289_WT/xray/no_restraints/output_pdbs/model_14.pdb, ./2XWR_A_91-289_WT/xray/no_restraints/output_pdbs/model_15.pdb, ./2XWR_A_91-289_WT/xray/no_restraints/output_pdbs/model_16.pdb, ./2XWR_A_91-289_WT/xray/no_restraints/output_pdbs/model_17.pdb, ./2XWR_A_91-289_WT/xray/no_restraints/output_pdbs/model_18.pdb, ./2XWR_A_91-289_WT/xray/no_restraints/output_pdbs/model_19.pdb
    jobid: 8
    wildcards: name=2XWR, chain=A, start=91, end=289, source=xray, runtype=no_restraints
    resources: tmpdir=/tmp


[Wed Oct 12 09:51:49 2022]
rule run_cabsflex:
    input: ./input_structures/2XWR_A_HIS168ARG.pdb
    output: ./2XWR_A_91-289_H168R/xray/no_restraints/output_pdbs/model_0.pdb, ./2XWR_A_91-289_H168R/xray/no_restraints/output_pdbs/model_1.pdb, ./2XWR_A_91-289_H168R/xray/no_restraints/output_pdbs/model_2.pdb, ./2XWR_A_91-289_H168R/xray/no_restraints/output_pdbs/model_3.pdb, ./2XWR_A_91-289_H168R/xray/no_restraints/output_pdbs/model_4.pdb, ./2XWR_A_91-289_H168R/xray/no_restraints/output_pdbs/model_5.pdb, ./2XWR_A_91-289_H168R/xray/no_restraints/output_pdbs/model_6.pdb, ./2XWR_A_91-289_H168R/xray/no_restraints/output_pdbs/model_7.pdb, ./2XWR_A_91-289_H168R/xray/no_restraints/output_pdbs/model_8.pdb, ./2XWR_A_91-289_H168R/xray/no_restraints/output_pdbs/model_9.pdb, ./2XWR_A_91-289_H168R/xray/no_restraints/output_pdbs/model_10.pdb, ./2XWR_A_91-289_H168R/xray/no_restraints/output_pdbs/model_11.pdb, ./2XWR_A_91-289_H168R/xray/no_restraints/output_pdbs/model_12.pdb, ./2XWR_A_91-289_H168R/xray/no_restraints/output_pdbs/model_13.pdb, ./2XWR_A_91-289_H168R/xray/no_restraints/output_pdbs/model_14.pdb, ./2XWR_A_91-289_H168R/xray/no_restraints/output_pdbs/model_15.pdb, ./2XWR_A_91-289_H168R/xray/no_restraints/output_pdbs/model_16.pdb, ./2XWR_A_91-289_H168R/xray/no_restraints/output_pdbs/model_17.pdb, ./2XWR_A_91-289_H168R/xray/no_restraints/output_pdbs/model_18.pdb, ./2XWR_A_91-289_H168R/xray/no_restraints/output_pdbs/model_19.pdb
    jobid: 4
    wildcards: name=2XWR, chain=A, start=91, end=289, wt=H, resnum=168, alt=R, source=xray, runtype=no_restraints
    resources: tmpdir=/tmp

Terminating processes on user request, this might take some time.
Complete log: /data/user/krde/CABSflex_snakemake/cabs_production/cabsflex/example_run_1/.snakemake/log/2022-10-12T095144.448163.snakemake.log
