##############################################################################################################
[INFO]       Logger:   Verbosity set to: 3 - [OUT FILES]                                           (00:00:04)
[WARNING]    JOB:      /data/user/krde/CABSflex_snakemake/cabs_production/cabsflex/example_run/2XW 
                       R_A_91-289_N239Y/xray/no_restraints already exists. Output data will be     
                       overwritten.                                                                (00:00:04)
[INFO]       Protein:  Loading input.pdb as input protein                                          (00:00:04)
[WARNING]    PDB:      Unknown residue ZN at 300:A in input.pdb                                    (00:00:04)
[OUT FILES]  Logger:   Saving DSSP output to /data/user/krde/CABSflex_snakemake/cabs_production/ca 
                       bsflex/example_run/2XWR_A_91-289_N239Y/xray/no_restraints/output_data/DSSP_ 
                       output_input.txt                                                            (00:00:05)
[WARNING]    Protein:  Could not read weights file: gauss                                          (00:00:05)
[WARNING]    Protein:  Using default weights(1.0) for all atoms.                                   (00:00:05)
[INFO]       CABS:     Setting up CABS simulation.                                                 (00:00:05)
[WARNING]    CABS:     Note: The following floating-point exceptions are signalling: IEEE_DENORMAL 
                       Note: The following floating-point exceptions are signalling: IEEE_DENORMAL (00:15:49)
[INFO]       JOB:      Trajectories loaded successfully                                            (00:15:49)
[INFO]       JOB:      Input loaded as reference.                                                  (00:15:49)
[OUT FILES]  JOB:      Saving pdb files to /data/user/krde/CABSflex_snakemake/cabs_production/cabs 
                       flex/example_run/2XWR_A_91-289_N239Y/xray/no_restraints/output_pdbs         (00:16:03)
[WARNING]    JOB:      Possibly overwriting previous pdb files. Use --work-dir <DIR> to avoid      
                       that.                                                                       (00:16:03)
[OUT FILES]  JOB:      Saving replicas...                                                          (00:16:03)
[OUT FILES]  JOB:      Saving clusters...                                                          (00:16:16)
[OUT FILES]  JOB:      Saving starting structure...                                                (00:16:24)
[OUT FILES]  JOB:      Saving final models (in AA representation)                                  (00:16:24)
[INFO]       JOB:      RMSD successfully saved                                                     (00:33:44)
[INFO]       JOB:      Simulation completed successfully                                           (00:33:47)
